// Jest Snapshot v1, https://goo.gl/fbAQLP

exports[`OpeningScreen component should display the DOM correctly 1`] = `
<div
  className="main-page-container"
>
  <div
    className="header level-item is-justify-content-space-between"
  >
    <div
      className="is-flex is-justify-content-space-between"
    >
      <img
        alt="hcom logo"
        className="logo"
        data-testid="logo"
        src="image/hotelscom-logo.png"
      />
      <p>
        Dio Override Tool
      </p>
    </div>
  </div>
  <div
    className="container p-4"
  >
    <div>
      <form
        className="field py-2"
      >
        <div
          className="control"
          style={
            Object {
              "width": "40%",
            }
          }
        >
          <label
            className="label"
            htmlFor="text"
          >
            Local URL of the page
          </label>
          <div>
            <input
              className="input is-link level-item"
              name="url"
              onChange={[Function]}
              placeholder="www.hotels.com"
              type="text"
            />
          </div>
          <div>
            <button
              className="button is-info mt-4"
              name="Go"
              onClick={[Function]}
            >
              <a
                href="/overrides"
                onClick={[Function]}
                style={
                  Object {
                    "color": "white",
                  }
                }
              >
                GO
              </a>
            </button>
          </div>
          
        </div>
      </form>
    </div>
  </div>
</div>
`;
