// Jest Snapshot v1, https://goo.gl/fbAQLP

exports[`OverrideList component should display the DOM correctly 1`] = `
<div
  className="container mt-5 ml-5"
>
  <h2>
    All Overrides
  </h2>
  <ul
    className="override-list"
    data-testid="override-list"
  />
</div>
`;
