// Jest Snapshot v1, https://goo.gl/fbAQLP

exports[`Header component should display the DOM correctly 1`] = `
<div>
  <p
    className="ml-6"
  >
    Dio Override Tool
  </p>
</div>
`;
